  0    0.00    0.80  0.80  대화를 하다 보면
  1    0.80    2.76  1.96  어느 순간 이런 생각이 들 때가 있습니다
  2    2.76    3.88  1.12  "이제 무슨 얘기하지?"
  3    3.88    5.56  1.68  처음 만난 여자와 이야기를 하는데
  4    5.56    6.52  0.96  직업도 물어봤고
  5    6.52    7.70  1.18  취미도 물어봤고
  6    7.79    8.92  1.13  여행 이야기도 했고
  7    8.92   10.54  1.62  좋아하는 음식도 물어봤습니다
  8   10.78   12.40  1.62  그런데 슬슬 할 말이 떨어집니다
  9   12.40   14.62  2.22  그래서 또 새로운 주제를 찾기 시작합니다
 10   14.84   16.00  1.16  "MBTI는 뭐예요?"
 11   16.08   17.06  0.98  "주말에는 뭐 해요?"
 12   17.06   18.09  1.03  "영화 좋아하세요?"
 13   18.27   19.29  1.02  대화는 이어지는데
 14   19.29   21.32  2.03  이상하게 가까워지는 느낌은 없습니다
 15   21.70   23.09  1.39  분명 말은 계속 하고 있는데
 16   23.09   25.25  2.16  대화가 계속 표면에서만 맴도는 겁니다
 17   25.33   26.03  0.70  왜 그럴까요?
 18   26.12   27.81  1.69  대화 주제가 부족해서가 아닙니다
 19   27.88   28.96  1.08  같은 주제를 가지고도
 20   28.96   31.15  2.19  얼마든지 더 깊은 대화를 할 수 있습니다
 21   31.42   31.76  0.34  오늘은
 22   31.76   34.03  2.27  처음 만난 사람과는 어색함을 줄이고
 23   34.15   35.80  1.66  이미 어느 정도 친해진 사람과는
 24   35.80   37.08  1.28  조금 더 가까워질 수 있는
 25   37.08   38.95  1.87  두 가지 방법을 이야기해보겠습니다
 26   39.34   39.80  0.47  첫 번째는
 27   39.80   41.68  1.88  주제에서 사람으로 넘어가는 겁니다
 28   41.68   43.45  1.77  예를 들어 상대가 이렇게 말합니다
 29   43.54   44.88  1.33  "저 카페 가는 거 좋아해요."
 30   44.98   46.57  1.59  보통은 여기서 이렇게 대답합니다
 31   46.65   47.78  1.13  "어떤 카페 좋아하세요?"
 32   47.78   48.73  0.95  상대가 말합니다
 33   48.73   49.94  1.21  "조용한 카페 좋아해요."
 34   50.17   51.37  1.20  그러면 또 질문합니다
 35   51.48   52.71  1.23  "커피는 뭐 좋아하세요?"
 36   52.82   53.34  0.52  이렇게 하면
 37   53.34   54.34  1.00  카페라는 주제로는
 38   54.34   55.63  1.29  계속 이야기하고 있지만
 39   55.69   57.30  1.61  정작 상대가 어떤 사람인지는
 40   57.30   58.62  1.32  별로 알게 된 게 없습니다
 41   58.62   60.39  1.77  여기서 한 단계만 바꿔보겠습니다
 42   60.65   61.10  0.44  상대가
 43   61.10   62.54  1.44  "저 조용한 카페 좋아해요."
 44   62.65   63.26  0.61  라고 했다면
 45   63.26   64.59  1.33  이렇게 이야기할 수 있습니다
 46   64.73   66.72  1.99  "저는 오히려 사람 많은 데도 좋아해요.
 47   66.80   69.01  2.21  가만히 앉아 사람 구경하는 게 재밌더라고요."
 48   69.16   69.96  0.80  그리고 이어서
 49   70.03   71.78  1.75  "원래 혼자 있는 거 좋아하는 편이에요?"
 50   72.04   73.27  1.23  라고 물어볼 수 있습니다
 51   73.37   74.65  1.27  이제 이야기가 달라집니다
 52   74.65   75.69  1.04  카페 이야기에서
 53   75.69   77.45  1.76  평소 성격 이야기로 넘어갔습니다
 54   77.45   79.00  1.56  상대가 이렇게 말할 수도 있겠죠
 55   79.07   80.97  1.89  "네. 사람 만나는 건 좋아하는데
 56   80.97   82.75  1.78  오래 만나면 좀 지치는 편이에요."
 57   83.00   83.47  0.48  그러면 이제
 58   83.47   84.51  1.04  카페 이야기가 아니라
 59   84.51   85.79  1.28  사람을 어떻게 만나는지
 60   85.79   87.21  1.42  혼자 있을 때 뭘 하는지
 61   87.33   89.06  1.73  친한 사람과 있을 때는 어떤지
 62   89.14   91.36  2.22  이런 이야기로 자연스럽게 넘어갈 수 있습니다
 63   91.66   92.71  1.05  여행도 똑같습니다
 64   92.71   93.73  1.02  "여행 좋아하세요?"
 65   93.81   94.87  1.06  여기서 끝내는 게 아니라
 66   94.87   96.75  1.88  "여행 가면 계획 다 짜놓는 편이에요?
 67   96.75   98.43  1.68  아니면 그냥 가서 정하는 편이에요?"
 68   98.43   99.64  1.20  라고 물어보는 겁니다
 69   99.73  100.16  0.43  상대가
 70  100.16  101.80  1.64  "저는 계획 다 짜놓는 편이에요."
 71  102.12  102.68  0.56  라고 하면
 72  102.68  104.20  1.52  그 안에는 여행 정보보다
 73  104.20  105.73  1.53  훨씬 많은 정보가 있습니다
 74  105.85  107.48  1.63  평소에도 계획적인 사람인지
 75  107.48  109.30  1.81  통제되지 않는 상황을 싫어하는지
 76  109.36  110.50  1.14  새로운 걸 좋아하는지
 77  110.56  111.79  1.22  익숙한 걸 좋아하는지
 78  112.06  113.16  1.10  같은 여행 이야기인데
 79  113.16  115.07  1.91  사람에 대한 이야기로 바뀌기 시작합니다
 80  115.14  116.00  0.86  여기서 중요한 건
 81  116.00  118.04  2.04  상대의 성격을 분석하라는 게 아닙니다
 82  118.12  118.64  0.52  핵심은
 83  118.64  120.64  2.00  표면적인 사실에서 멈추지 않는 겁니다
 84  120.91  122.68  1.77  뭘 좋아하는지만 묻지 말고
 85  122.68  123.84  1.16  왜 그걸 좋아하는지
 86  123.84  125.04  1.20  평소에도 그런 편인지
 87  125.04  126.88  1.84  이런 쪽으로 자연스럽게 넘어가면
 88  126.88  127.76  0.88  소재 하나에서도
 89  127.76  129.63  1.87  그 사람을 훨씬 많이 알 수 있습니다
 90  129.91  130.53  0.62  그리고 여기서
 91  130.53  132.60  2.08  남자들이 자주 하는 실수가 하나 있습니다
 92  132.71  134.98  2.27  상대 이야기를 계속 끌어내려고만 하는 겁니다
 93  135.07  135.85  0.78  상대가 말하면
 94  135.85  136.53  0.68  질문하고
 95  136.53  137.05  0.52  대답하면
 96  137.05  137.93  0.88  또 질문합니다
 97  137.93  139.46  1.53  그러면 대화는 계속됩니다
 98  139.57  141.24  1.67  하지만 가까워지지는 않습니다
 99  141.56  142.01  0.45  왜냐하면
100  142.01  143.89  1.88  상대는 계속 자기를 보여주고 있는데
101  143.89  146.19  2.31  나는 아무것도 보여주지 않고 있기 때문입니다
102  146.30  147.73  1.43  그래서 상대에게 질문했다면
103  147.73  149.38  1.66  내 생각도 같이 들어가야 합니다
104  149.51  152.03  2.52  "저는 계획 너무 많이 세우면 오히려 피곤하더라고요.
105  152.32  155.11  2.79  어디 갈지만 정하고 나머지는 가서 정하는 편이에요."
106  155.22  157.23  2.01  이렇게 내 이야기도 덧붙여 주는 겁니다
107  157.35  157.69  0.34  대화는
108  157.69  160.34  2.66  상대에게서 정보를 많이 뽑아내는 게임이 아닙니다
109  160.44  161.44  0.99  서로 어떤 사람인지
110  161.44  163.12  1.68  조금씩 보여주는 과정입니다
111  163.39  164.91  1.52  그런데 마음에 드는 여자 앞에서는
112  164.91  165.94  1.03  그게 잘 안 됩니다
113  166.04  166.56  0.51  왜냐하면
114  166.56  169.07  2.52  대화를 잘해야 한다는 압박이 생기기 때문입니다
115  169.18  170.68  1.50  침묵이 생기면 안 될 것 같고
116  170.85  172.67  1.82  재미없다고 생각하면 안 될 것 같고
117  172.73  174.85  2.12  상대가 나를 좋게 평가하기를 바랍니다
118  175.15  176.84  1.69  그러면 계속 질문을 찾게 됩니다
119  177.03  178.30  1.27  상대가 궁금해서가 아니라
120  178.30  180.24  1.94  대화를 살리기 위해 질문하는 거죠
121  180.32  181.22  0.90  저는 이런 식으로
122  181.22  182.98  1.76  상대의 반응을 계속 쫓으면서
123  183.06  184.34  1.28  불안감 때문에 행동하는 걸
124  184.34  185.89  1.55  하이에나의 태도라고 부릅니다
125  186.19  186.76  0.57  하이에나는
126  186.76  188.00  1.24  "다음에 뭐 말해야 되지?"
127  188.00  189.19  1.19  를 계속 고민합니다
128  189.31  190.52  1.21  반대로 사자의 태도는
129  190.52  192.35  1.83  침묵이 조금 생겨도 괜찮습니다
130  192.45  193.56  1.11  상대의 이야기를 듣고
131  193.56  194.48  0.92  잠시 생각하고
132  194.48  195.65  1.17  내 의견도 말합니다
133  196.00  197.60  1.59  대화를 억지로 유지하는 게 아니라
134  197.60  199.36  1.76  서로를 알아가는 데 집중합니다
135  199.65  200.19  0.53  두 번째는
136  200.19  201.63  1.44  조금 더 깊은 질문을 할 때
137  201.63  203.12  1.49  허락을 먼저 구하는 겁니다
138  203.12  204.31  1.19  사람과 가까워지려면
139  204.31  206.35  2.04  계속 안전한 질문만 할 수는 없습니다
140  206.47  207.23  0.75  "무슨 일 하세요?"
141  207.23  208.12  0.89  "취미가 뭐예요?"
142  208.21  209.10  0.90  "여행 좋아하세요?"
143  209.35  210.51  1.16  이런 이야기만 계속하면
144  210.51  211.63  1.13  대화는 이어집니다
145  211.74  213.44  1.71  하지만 정말 그 사람과 가까워지려면
146  213.44  215.45  2.01  조금 더 개인적인 이야기가 필요합니다
147  215.57  216.13  0.56  연애관
148  216.13  217.72  1.58  사람을 좋아하게 되는 기준
149  217.79  219.40  1.62  관계에서 중요하게 생각하는 것
150  219.40  220.60  1.20  과거에 있었던 경험
151  220.89  222.48  1.60  이런 이야기가 나오기 시작하면서
152  222.48  224.70  2.21  남녀 사이의 거리가 조금씩 가까워집니다
153  224.77  225.13  0.36  문제는
154  225.13  226.66  1.52  갑자기 깊은 질문을 던지면
155  226.66  228.50  1.85  상대가 부담스러울 수 있다는 겁니다
156  228.61  230.75  2.14  그래서 한 번 쿠션 멘트를 넣어주는 겁니다
157  230.99  233.52  2.53  "이건 조금 개인적인 질문인데 하나 물어봐도 돼요?"
158  233.60  234.78  1.17  상대가 괜찮다고 하면
159  234.78  235.66  0.88  그때 물어봅니다
160  235.66  236.29  0.64  예를 들면
161  236.29  239.85  3.55  "사람 만날 때 어떤 순간에 이 사람의 진짜 모습이 나온다고 생각해요?"
162  239.95  242.04  2.09  "연애할 때 가장 중요하게 보는 건 뭐예요?"
163  242.27  243.21  0.94  이런 질문입니다
164  243.21  243.90  0.69  그냥 갑자기
165  243.90  244.86  0.96  "이상형이 뭐예요?"
166  244.86  245.94  1.08  라고 묻는 것보다
167  245.94  247.06  1.12  훨씬 자연스럽게
168  247.06  248.90  1.84  조금 더 깊은 이야기를 할 수 있는 거죠
169  249.31  250.06  0.75  그런데 이것도
170  250.06  251.65  1.59  질문 자체를 외우면 안 됩니다
171  251.73  252.54  0.81  오늘 영상 보고
172  252.54  253.46  0.92  소개팅 나가서
173  253.46  253.90  0.44  갑자기
174  253.90  255.53  1.63  "개인적인 질문 하나 해도 돼요?"
175  255.60  255.81  0.21  하고
176  255.81  257.33  1.52  준비한 질문 10개를 꺼내면
177  257.33  258.64  1.32  또 면접이 되어 버립니다
178  258.97  261.21  2.24  중요하게 봐야 하는 건 질문 자체가 아니라
179  261.21  262.21  1.00  지금 둘 사이의 대화가
180  262.21  263.92  1.71  어느 정도 깊어졌는지입니다
181  264.17  266.54  2.37  상대가 자기 이야기를 조금씩 많이 하고 있고
182  266.67  268.09  1.41  나도 내 이야기를 하고 있고
183  268.24  269.56  1.32  서로 편하게 대화하고 있다면
184  269.56  271.54  1.98  조금 더 깊은 질문으로 가도 됩니다
185  271.87  272.32  0.45  반대로
186  272.32  274.05  1.72  아직 기본적인 대화도 어색한데
187  274.05  276.18  2.13  갑자기 너무 개인적인 이야기를 꺼내면
188  276.25  278.00  1.74  상대 입장에서는 부담스럽습니다
189  278.15  278.80  0.65  사자의 태도는
190  278.80  280.47  1.67  무조건 밀어붙이는 게 아닙니다
191  280.71  281.87  1.16  상대를 존중하면서도
192  281.87  282.91  1.04  필요한 순간에는
193  282.91  284.89  1.98  조금 더 깊은 대화를 시도할 수 있는 거죠
194  285.33  285.55  0.22  결국
195  285.55  286.87  1.32  대화가 깊어지는 사람과
196  286.87  289.15  2.28  계속 표면적인 이야기만 하는 사람의 차이는
197  289.15  291.30  2.15  대화 주제를 많이 알고 있느냐가 아닙니다
198  291.58  292.51  0.93  같은 주제에서도
199  292.51  294.27  1.76  상대가 어떤 사람인지 볼 줄 알고
200  294.27  295.39  1.12  내 모습도 보여주고
201  295.39  296.03  0.64  필요할 때는
202  296.03  298.79  2.76  한 단계 깊은 질문으로 들어갈 줄 아느냐의 차이입니다
203  298.91  300.29  1.38  대화가 자꾸 끊긴다고 해서
204  300.29  302.52  2.23  새로운 질문 100개를 외울 필요는 없습니다
205  302.89  304.28  1.40  오히려 이렇게 생각해보세요
206  304.28  306.04  1.75  "지금 나는 주제를 찾고 있는가?"
207  306.15  306.41  0.26  아니면
208  306.41  307.83  1.42  "이 사람을 알아가고 있는가?"
209  308.00  309.13  1.13  이 질문 하나만 바꿔도
210  309.13  310.46  1.32  대화가 꽤 달라집니다
211  310.78  311.61  0.84  그리고 이런 차이도
212  311.61  313.54  1.93  결국 멘트보다 태도에서 나옵니다
213  313.62  314.78  1.16  침묵을 견디지 못하면
214  314.78  316.44  1.66  계속 새로운 질문을 찾게 되고
215  316.52  318.22  1.70  잘 보여야 한다는 생각이 강하면
216  318.22  319.60  1.38  내 이야기는 숨기게 되고
217  319.71  320.59  0.88  거절이 두려우면
218  320.59  322.13  1.54  깊은 질문도 하지 못합니다
219  322.49  324.66  2.17  연애에서 여자와 정말 가까워지고 싶다면
220  324.66  326.15  1.49  대화 소재만 늘리기보다
221  326.26  328.53  2.26  여자 앞에서 내가 어떤 태도로 변하는지부터
222  328.53  330.06  1.54  정확하게 보는 게 중요합니다
223  330.16  330.89  0.73  제가 이 부분은
224  330.89  333.30  2.41  비공개 특강에 더 자세하게 정리해두었습니다
225  333.58  334.61  1.03  소개팅이나 썸에서
226  334.61  336.36  1.75  대화가 항상 비슷하게 막힌다면
227  336.36  338.40  2.04  설명란의 비공개 특강을 확인해보세요
228  338.60  339.70  1.10  대화가 달라지는 것도
229  339.70  342.13  2.43  결국 태도가 달라지는 데서 시작합니다
